<?xml version="1.0" encoding="UTF-8"?>
<TestRun id="946cd0d1-b8ed-4b62-a146-2d8d9cb1ac77" name="kulgu_s@MISLPT040 2015-01-28 12:38:28" runUser="GSICORP\kulgu_s" xmlns="http://microsoft.com/schemas/VisualStudio/TeamTest/2010">
  <TestSettings name="Local" id="c269aac0-1aad-4013-9d30-6f764dd9c9c8">
    <Description>These are default test settings for a local test run.</Description>
    <Deployment enabled="false" runDeploymentRoot="kulgu_s_MISLPT040 2015-01-28 12_38_28">
      <DeploymentItem filename="C:\Users\kulgu_s\Documents\Visual Studio 2010\Projects\AutoTraders\AutoTraders\bin\Debug\AutoTraders.exe" />
    </Deployment>
    <Execution>
      <TestTypeSpecific />
      <AgentRule name="Execution Agents">
      </AgentRule>
    </Execution>
  </TestSettings>
  <Times creation="2015-01-28T12:38:28.9548038-06:00" queuing="2015-01-28T12:38:29.0168100-06:00" start="2015-01-28T12:38:29.0258109-06:00" finish="2015-01-28T12:38:29.3178401-06:00" />
  <ResultSummary outcome="Completed">
    <Counters total="2" executed="2" passed="2" error="0" failed="0" timeout="0" aborted="0" inconclusive="0" passedButRunAborted="0" notRunnable="0" notExecuted="0" disconnected="0" warning="0" completed="0" inProgress="0" pending="0" />
  </ResultSummary>
  <TestDefinitions>
    <UnitTest name="TestOneWord" storage="c:\users\kulgu_s\documents\visual studio 2010\projects\autotraders\testwordprocessor\bin\debug\testwordprocessor.dll" id="19ab7ce5-947b-ef37-a91a-fcf79ae33e91">
      <Execution id="ded877bb-70af-4c78-8f56-d7a416a6b855" />
      <TestMethod codeBase="C:/Users/kulgu_s/Documents/Visual Studio 2010/Projects/AutoTraders/TestWordProcessor/bin/Debug/TestWordProcessor.DLL" adapterTypeName="Microsoft.VisualStudio.TestTools.TestTypes.Unit.UnitTestAdapter, Microsoft.VisualStudio.QualityTools.Tips.UnitTest.Adapter, Version=10.0.0.0, Culture=neutral, PublicKeyToken=b03f5f7f11d50a3a" className="TestWordProcessor.UnitTest1, TestWordProcessor, Version=1.0.0.0, Culture=neutral, PublicKeyToken=null" name="TestOneWord" />
    </UnitTest>
    <UnitTest name="TestSentence" storage="c:\users\kulgu_s\documents\visual studio 2010\projects\autotraders\testwordprocessor\bin\debug\testwordprocessor.dll" id="b37c6f90-73e0-a58e-ad23-74bb035e2369">
      <Execution id="eb221b36-401c-4ac0-a80a-9ee75447baa7" />
      <TestMethod codeBase="C:/Users/kulgu_s/Documents/Visual Studio 2010/Projects/AutoTraders/TestWordProcessor/bin/Debug/TestWordProcessor.DLL" adapterTypeName="Microsoft.VisualStudio.TestTools.TestTypes.Unit.UnitTestAdapter, Microsoft.VisualStudio.QualityTools.Tips.UnitTest.Adapter, Version=10.0.0.0, Culture=neutral, PublicKeyToken=b03f5f7f11d50a3a" className="TestWordProcessor.UnitTest1, TestWordProcessor, Version=1.0.0.0, Culture=neutral, PublicKeyToken=null" name="TestSentence" />
    </UnitTest>
  </TestDefinitions>
  <TestLists>
    <TestList name="Results Not in a List" id="8c84fa94-04c1-424b-9868-57a2d4851a1d" />
    <TestList name="All Loaded Results" id="19431567-8539-422a-85d7-44ee4e166bda" />
  </TestLists>
  <TestEntries>
    <TestEntry testId="19ab7ce5-947b-ef37-a91a-fcf79ae33e91" executionId="ded877bb-70af-4c78-8f56-d7a416a6b855" testListId="8c84fa94-04c1-424b-9868-57a2d4851a1d" />
    <TestEntry testId="b37c6f90-73e0-a58e-ad23-74bb035e2369" executionId="eb221b36-401c-4ac0-a80a-9ee75447baa7" testListId="8c84fa94-04c1-424b-9868-57a2d4851a1d" />
  </TestEntries>
  <Results>
    <UnitTestResult executionId="ded877bb-70af-4c78-8f56-d7a416a6b855" testId="19ab7ce5-947b-ef37-a91a-fcf79ae33e91" testName="TestOneWord" computerName="MISLPT040" duration="00:00:00.0217685" startTime="2015-01-28T12:38:29.0388122-06:00" endTime="2015-01-28T12:38:29.2958379-06:00" testType="13cdc9d9-ddb5-4fa4-a97d-d965ccfc6d4b" outcome="Passed" testListId="8c84fa94-04c1-424b-9868-57a2d4851a1d" relativeResultsDirectory="ded877bb-70af-4c78-8f56-d7a416a6b855">
    </UnitTestResult>
    <UnitTestResult executionId="eb221b36-401c-4ac0-a80a-9ee75447baa7" testId="b37c6f90-73e0-a58e-ad23-74bb035e2369" testName="TestSentence" computerName="MISLPT040" duration="00:00:00.0003039" startTime="2015-01-28T12:38:29.2988382-06:00" endTime="2015-01-28T12:38:29.3028386-06:00" testType="13cdc9d9-ddb5-4fa4-a97d-d965ccfc6d4b" outcome="Passed" testListId="8c84fa94-04c1-424b-9868-57a2d4851a1d" relativeResultsDirectory="eb221b36-401c-4ac0-a80a-9ee75447baa7">
    </UnitTestResult>
  </Results>
</TestRun>