<?xml version="1.0" encoding="UTF-8"?>
<TestRun id="ad25cf4f-c587-4e98-8070-4a9b993fa013" name="kulgu_s@MISLPT040 2015-02-05 09:27:37" runUser="GSICORP\kulgu_s" xmlns="http://microsoft.com/schemas/VisualStudio/TeamTest/2010">
  <TestSettings name="Local" id="c269aac0-1aad-4013-9d30-6f764dd9c9c8">
    <Description>These are default test settings for a local test run.</Description>
    <Deployment enabled="false" runDeploymentRoot="kulgu_s_MISLPT040 2015-02-05 09_27_37">
      <DeploymentItem filename="C:\Users\kulgu_s\Documents\Visual Studio 2010\Projects\AutoTraders\AutoTraders\bin\Debug\AutoTraders.exe" />
    </Deployment>
    <Execution>
      <TestTypeSpecific />
      <AgentRule name="Execution Agents">
      </AgentRule>
    </Execution>
  </TestSettings>
  <Times creation="2015-02-05T09:27:37.2029993-06:00" queuing="2015-02-05T09:27:38.3458850-06:00" start="2015-02-05T09:27:38.4538742-06:00" finish="2015-02-05T09:27:39.0118184-06:00" />
  <ResultSummary outcome="Completed">
    <Counters total="5" executed="5" passed="5" error="0" failed="0" timeout="0" aborted="0" inconclusive="0" passedButRunAborted="0" notRunnable="0" notExecuted="0" disconnected="0" warning="0" completed="0" inProgress="0" pending="0" />
  </ResultSummary>
  <TestDefinitions>
    <UnitTest name="TestLongText" storage="c:\users\kulgu_s\documents\visual studio 2010\projects\autotraders\testwordprocessor\bin\debug\testwordprocessor.dll" id="bb6ca6a9-77cd-9b9f-e73b-00a704c443d7">
      <Execution id="51b368b1-2c30-46fa-9ed2-ef841f5425a7" />
      <TestMethod codeBase="C:/Users/kulgu_s/Documents/Visual Studio 2010/Projects/AutoTraders/TestWordProcessor/bin/Debug/TestWordProcessor.DLL" adapterTypeName="Microsoft.VisualStudio.TestTools.TestTypes.Unit.UnitTestAdapter, Microsoft.VisualStudio.QualityTools.Tips.UnitTest.Adapter, Version=10.0.0.0, Culture=neutral, PublicKeyToken=b03f5f7f11d50a3a" className="TestWordProcessor.UnitTest1, TestWordProcessor, Version=1.0.0.0, Culture=neutral, PublicKeyToken=null" name="TestLongText" />
    </UnitTest>
    <UnitTest name="TestOneWord" storage="c:\users\kulgu_s\documents\visual studio 2010\projects\autotraders\testwordprocessor\bin\debug\testwordprocessor.dll" id="19ab7ce5-947b-ef37-a91a-fcf79ae33e91">
      <Execution id="fbd418eb-8b23-4800-bff8-bd5ee0a97050" />
      <TestMethod codeBase="C:/Users/kulgu_s/Documents/Visual Studio 2010/Projects/AutoTraders/TestWordProcessor/bin/Debug/TestWordProcessor.DLL" adapterTypeName="Microsoft.VisualStudio.TestTools.TestTypes.Unit.UnitTestAdapter, Microsoft.VisualStudio.QualityTools.Tips.UnitTest.Adapter, Version=10.0.0.0, Culture=neutral, PublicKeyToken=b03f5f7f11d50a3a" className="TestWordProcessor.UnitTest1, TestWordProcessor, Version=1.0.0.0, Culture=neutral, PublicKeyToken=null" name="TestOneWord" />
    </UnitTest>
    <UnitTest name="TestSentence" storage="c:\users\kulgu_s\documents\visual studio 2010\projects\autotraders\testwordprocessor\bin\debug\testwordprocessor.dll" id="b37c6f90-73e0-a58e-ad23-74bb035e2369">
      <Execution id="ecc23f42-120b-4096-8557-908a7dbeb423" />
      <TestMethod codeBase="C:/Users/kulgu_s/Documents/Visual Studio 2010/Projects/AutoTraders/TestWordProcessor/bin/Debug/TestWordProcessor.DLL" adapterTypeName="Microsoft.VisualStudio.TestTools.TestTypes.Unit.UnitTestAdapter, Microsoft.VisualStudio.QualityTools.Tips.UnitTest.Adapter, Version=10.0.0.0, Culture=neutral, PublicKeyToken=b03f5f7f11d50a3a" className="TestWordProcessor.UnitTest1, TestWordProcessor, Version=1.0.0.0, Culture=neutral, PublicKeyToken=null" name="TestSentence" />
    </UnitTest>
    <UnitTest name="TestSentenceNonCaseSensitive" storage="c:\users\kulgu_s\documents\visual studio 2010\projects\autotraders\testwordprocessor\bin\debug\testwordprocessor.dll" id="f7e607e5-4d57-3211-5316-84d754e52bb9">
      <Execution id="ad8d41de-3f3c-4e29-9bbc-21fa32ceca7c" />
      <TestMethod codeBase="C:/Users/kulgu_s/Documents/Visual Studio 2010/Projects/AutoTraders/TestWordProcessor/bin/Debug/TestWordProcessor.DLL" adapterTypeName="Microsoft.VisualStudio.TestTools.TestTypes.Unit.UnitTestAdapter, Microsoft.VisualStudio.QualityTools.Tips.UnitTest.Adapter, Version=10.0.0.0, Culture=neutral, PublicKeyToken=b03f5f7f11d50a3a" className="TestWordProcessor.UnitTest1, TestWordProcessor, Version=1.0.0.0, Culture=neutral, PublicKeyToken=null" name="TestSentenceNonCaseSensitive" />
    </UnitTest>
    <UnitTest name="TestEmpySpace" storage="c:\users\kulgu_s\documents\visual studio 2010\projects\autotraders\testwordprocessor\bin\debug\testwordprocessor.dll" id="7bd98983-034d-ab2e-cada-2bc1808ead8d">
      <Execution id="66e9cc1c-edf7-4d80-9b03-1a70b198d2c0" />
      <TestMethod codeBase="C:/Users/kulgu_s/Documents/Visual Studio 2010/Projects/AutoTraders/TestWordProcessor/bin/Debug/TestWordProcessor.DLL" adapterTypeName="Microsoft.VisualStudio.TestTools.TestTypes.Unit.UnitTestAdapter, Microsoft.VisualStudio.QualityTools.Tips.UnitTest.Adapter, Version=10.0.0.0, Culture=neutral, PublicKeyToken=b03f5f7f11d50a3a" className="TestWordProcessor.UnitTest1, TestWordProcessor, Version=1.0.0.0, Culture=neutral, PublicKeyToken=null" name="TestEmpySpace" />
    </UnitTest>
  </TestDefinitions>
  <TestLists>
    <TestList name="Results Not in a List" id="8c84fa94-04c1-424b-9868-57a2d4851a1d" />
    <TestList name="All Loaded Results" id="19431567-8539-422a-85d7-44ee4e166bda" />
  </TestLists>
  <TestEntries>
    <TestEntry testId="19ab7ce5-947b-ef37-a91a-fcf79ae33e91" executionId="fbd418eb-8b23-4800-bff8-bd5ee0a97050" testListId="8c84fa94-04c1-424b-9868-57a2d4851a1d" />
    <TestEntry testId="7bd98983-034d-ab2e-cada-2bc1808ead8d" executionId="66e9cc1c-edf7-4d80-9b03-1a70b198d2c0" testListId="8c84fa94-04c1-424b-9868-57a2d4851a1d" />
    <TestEntry testId="b37c6f90-73e0-a58e-ad23-74bb035e2369" executionId="ecc23f42-120b-4096-8557-908a7dbeb423" testListId="8c84fa94-04c1-424b-9868-57a2d4851a1d" />
    <TestEntry testId="bb6ca6a9-77cd-9b9f-e73b-00a704c443d7" executionId="51b368b1-2c30-46fa-9ed2-ef841f5425a7" testListId="8c84fa94-04c1-424b-9868-57a2d4851a1d" />
    <TestEntry testId="f7e607e5-4d57-3211-5316-84d754e52bb9" executionId="ad8d41de-3f3c-4e29-9bbc-21fa32ceca7c" testListId="8c84fa94-04c1-424b-9868-57a2d4851a1d" />
  </TestEntries>
  <Results>
    <UnitTestResult executionId="fbd418eb-8b23-4800-bff8-bd5ee0a97050" testId="19ab7ce5-947b-ef37-a91a-fcf79ae33e91" testName="TestOneWord" computerName="MISLPT040" duration="00:00:00.0164513" startTime="2015-02-05T09:27:38.5238672-06:00" endTime="2015-02-05T09:27:38.9568239-06:00" testType="13cdc9d9-ddb5-4fa4-a97d-d965ccfc6d4b" outcome="Passed" testListId="8c84fa94-04c1-424b-9868-57a2d4851a1d" relativeResultsDirectory="fbd418eb-8b23-4800-bff8-bd5ee0a97050">
    </UnitTestResult>
    <UnitTestResult executionId="66e9cc1c-edf7-4d80-9b03-1a70b198d2c0" testId="7bd98983-034d-ab2e-cada-2bc1808ead8d" testName="TestEmpySpace" computerName="MISLPT040" duration="00:00:00.0002688" startTime="2015-02-05T09:27:38.9578238-06:00" endTime="2015-02-05T09:27:38.9608235-06:00" testType="13cdc9d9-ddb5-4fa4-a97d-d965ccfc6d4b" outcome="Passed" testListId="8c84fa94-04c1-424b-9868-57a2d4851a1d" relativeResultsDirectory="66e9cc1c-edf7-4d80-9b03-1a70b198d2c0">
    </UnitTestResult>
    <UnitTestResult executionId="ecc23f42-120b-4096-8557-908a7dbeb423" testId="b37c6f90-73e0-a58e-ad23-74bb035e2369" testName="TestSentence" computerName="MISLPT040" duration="00:00:00.0002100" startTime="2015-02-05T09:27:38.9618234-06:00" endTime="2015-02-05T09:27:38.9638232-06:00" testType="13cdc9d9-ddb5-4fa4-a97d-d965ccfc6d4b" outcome="Passed" testListId="8c84fa94-04c1-424b-9868-57a2d4851a1d" relativeResultsDirectory="ecc23f42-120b-4096-8557-908a7dbeb423">
    </UnitTestResult>
    <UnitTestResult executionId="51b368b1-2c30-46fa-9ed2-ef841f5425a7" testId="bb6ca6a9-77cd-9b9f-e73b-00a704c443d7" testName="TestLongText" computerName="MISLPT040" duration="00:00:00.0001679" startTime="2015-02-05T09:27:38.9648231-06:00" endTime="2015-02-05T09:27:38.9678228-06:00" testType="13cdc9d9-ddb5-4fa4-a97d-d965ccfc6d4b" outcome="Passed" testListId="8c84fa94-04c1-424b-9868-57a2d4851a1d" relativeResultsDirectory="51b368b1-2c30-46fa-9ed2-ef841f5425a7">
    </UnitTestResult>
    <UnitTestResult executionId="ad8d41de-3f3c-4e29-9bbc-21fa32ceca7c" testId="f7e607e5-4d57-3211-5316-84d754e52bb9" testName="TestSentenceNonCaseSensitive" computerName="MISLPT040" duration="00:00:00.0003885" startTime="2015-02-05T09:27:38.9688227-06:00" endTime="2015-02-05T09:27:38.9708225-06:00" testType="13cdc9d9-ddb5-4fa4-a97d-d965ccfc6d4b" outcome="Passed" testListId="8c84fa94-04c1-424b-9868-57a2d4851a1d" relativeResultsDirectory="ad8d41de-3f3c-4e29-9bbc-21fa32ceca7c">
    </UnitTestResult>
  </Results>
</TestRun>