<?xml version="1.0" encoding="UTF-8"?>
<TestRun id="97c233c5-9f6f-44d9-aa85-135b6dc967fb" name="kulgu_s@MISLPT040 2015-01-28 16:01:10" runUser="GSICORP\kulgu_s" xmlns="http://microsoft.com/schemas/VisualStudio/TeamTest/2010">
  <TestSettings name="Local" id="c269aac0-1aad-4013-9d30-6f764dd9c9c8">
    <Description>These are default test settings for a local test run.</Description>
    <Deployment enabled="false" runDeploymentRoot="kulgu_s_MISLPT040 2015-01-28 16_01_10">
      <DeploymentItem filename="C:\Users\kulgu_s\Documents\Visual Studio 2010\Projects\AutoTraders\AutoTraders\bin\Debug\AutoTraders.exe" />
    </Deployment>
    <Execution>
      <TestTypeSpecific />
      <AgentRule name="Execution Agents">
      </AgentRule>
    </Execution>
  </TestSettings>
  <Times creation="2015-01-28T16:01:10.4667754-06:00" queuing="2015-01-28T16:01:10.5067754-06:00" start="2015-01-28T16:01:10.5167754-06:00" finish="2015-01-28T16:01:10.8257754-06:00" />
  <ResultSummary outcome="Completed">
    <Counters total="4" executed="4" passed="4" error="0" failed="0" timeout="0" aborted="0" inconclusive="0" passedButRunAborted="0" notRunnable="0" notExecuted="0" disconnected="0" warning="0" completed="0" inProgress="0" pending="0" />
  </ResultSummary>
  <TestDefinitions>
    <UnitTest name="TestOneWord" storage="c:\users\kulgu_s\documents\visual studio 2010\projects\autotraders\testwordprocessor\bin\debug\testwordprocessor.dll" id="19ab7ce5-947b-ef37-a91a-fcf79ae33e91">
      <Execution id="75ffa86d-5511-4afa-82a0-452abcc622c2" />
      <TestMethod codeBase="C:/Users/kulgu_s/Documents/Visual Studio 2010/Projects/AutoTraders/TestWordProcessor/bin/Debug/TestWordProcessor.DLL" adapterTypeName="Microsoft.VisualStudio.TestTools.TestTypes.Unit.UnitTestAdapter, Microsoft.VisualStudio.QualityTools.Tips.UnitTest.Adapter, Version=10.0.0.0, Culture=neutral, PublicKeyToken=b03f5f7f11d50a3a" className="TestWordProcessor.UnitTest1, TestWordProcessor, Version=1.0.0.0, Culture=neutral, PublicKeyToken=null" name="TestOneWord" />
    </UnitTest>
    <UnitTest name="TestSentence" storage="c:\users\kulgu_s\documents\visual studio 2010\projects\autotraders\testwordprocessor\bin\debug\testwordprocessor.dll" id="b37c6f90-73e0-a58e-ad23-74bb035e2369">
      <Execution id="043bc335-27ba-4c6e-903f-9bfb05626726" />
      <TestMethod codeBase="C:/Users/kulgu_s/Documents/Visual Studio 2010/Projects/AutoTraders/TestWordProcessor/bin/Debug/TestWordProcessor.DLL" adapterTypeName="Microsoft.VisualStudio.TestTools.TestTypes.Unit.UnitTestAdapter, Microsoft.VisualStudio.QualityTools.Tips.UnitTest.Adapter, Version=10.0.0.0, Culture=neutral, PublicKeyToken=b03f5f7f11d50a3a" className="TestWordProcessor.UnitTest1, TestWordProcessor, Version=1.0.0.0, Culture=neutral, PublicKeyToken=null" name="TestSentence" />
    </UnitTest>
    <UnitTest name="TestSentenceNonCaseSensitive" storage="c:\users\kulgu_s\documents\visual studio 2010\projects\autotraders\testwordprocessor\bin\debug\testwordprocessor.dll" id="f7e607e5-4d57-3211-5316-84d754e52bb9">
      <Execution id="458e589d-1d0c-4b6c-ad1e-010c15af5b83" />
      <TestMethod codeBase="C:/Users/kulgu_s/Documents/Visual Studio 2010/Projects/AutoTraders/TestWordProcessor/bin/Debug/TestWordProcessor.DLL" adapterTypeName="Microsoft.VisualStudio.TestTools.TestTypes.Unit.UnitTestAdapter, Microsoft.VisualStudio.QualityTools.Tips.UnitTest.Adapter, Version=10.0.0.0, Culture=neutral, PublicKeyToken=b03f5f7f11d50a3a" className="TestWordProcessor.UnitTest1, TestWordProcessor, Version=1.0.0.0, Culture=neutral, PublicKeyToken=null" name="TestSentenceNonCaseSensitive" />
    </UnitTest>
    <UnitTest name="TestEmpySpace" storage="c:\users\kulgu_s\documents\visual studio 2010\projects\autotraders\testwordprocessor\bin\debug\testwordprocessor.dll" id="7bd98983-034d-ab2e-cada-2bc1808ead8d">
      <Execution id="259805eb-2634-4e31-84c1-1da925a31969" />
      <TestMethod codeBase="C:/Users/kulgu_s/Documents/Visual Studio 2010/Projects/AutoTraders/TestWordProcessor/bin/Debug/TestWordProcessor.DLL" adapterTypeName="Microsoft.VisualStudio.TestTools.TestTypes.Unit.UnitTestAdapter, Microsoft.VisualStudio.QualityTools.Tips.UnitTest.Adapter, Version=10.0.0.0, Culture=neutral, PublicKeyToken=b03f5f7f11d50a3a" className="TestWordProcessor.UnitTest1, TestWordProcessor, Version=1.0.0.0, Culture=neutral, PublicKeyToken=null" name="TestEmpySpace" />
    </UnitTest>
  </TestDefinitions>
  <TestLists>
    <TestList name="Results Not in a List" id="8c84fa94-04c1-424b-9868-57a2d4851a1d" />
    <TestList name="All Loaded Results" id="19431567-8539-422a-85d7-44ee4e166bda" />
  </TestLists>
  <TestEntries>
    <TestEntry testId="19ab7ce5-947b-ef37-a91a-fcf79ae33e91" executionId="75ffa86d-5511-4afa-82a0-452abcc622c2" testListId="8c84fa94-04c1-424b-9868-57a2d4851a1d" />
    <TestEntry testId="7bd98983-034d-ab2e-cada-2bc1808ead8d" executionId="259805eb-2634-4e31-84c1-1da925a31969" testListId="8c84fa94-04c1-424b-9868-57a2d4851a1d" />
    <TestEntry testId="b37c6f90-73e0-a58e-ad23-74bb035e2369" executionId="043bc335-27ba-4c6e-903f-9bfb05626726" testListId="8c84fa94-04c1-424b-9868-57a2d4851a1d" />
    <TestEntry testId="f7e607e5-4d57-3211-5316-84d754e52bb9" executionId="458e589d-1d0c-4b6c-ad1e-010c15af5b83" testListId="8c84fa94-04c1-424b-9868-57a2d4851a1d" />
  </TestEntries>
  <Results>
    <UnitTestResult executionId="75ffa86d-5511-4afa-82a0-452abcc622c2" testId="19ab7ce5-947b-ef37-a91a-fcf79ae33e91" testName="TestOneWord" computerName="MISLPT040" duration="00:00:00.0213417" startTime="2015-01-28T16:01:10.5267754-06:00" endTime="2015-01-28T16:01:10.7907754-06:00" testType="13cdc9d9-ddb5-4fa4-a97d-d965ccfc6d4b" outcome="Passed" testListId="8c84fa94-04c1-424b-9868-57a2d4851a1d" relativeResultsDirectory="75ffa86d-5511-4afa-82a0-452abcc622c2">
    </UnitTestResult>
    <UnitTestResult executionId="259805eb-2634-4e31-84c1-1da925a31969" testId="7bd98983-034d-ab2e-cada-2bc1808ead8d" testName="TestEmpySpace" computerName="MISLPT040" duration="00:00:00.0003046" startTime="2015-01-28T16:01:10.7907754-06:00" endTime="2015-01-28T16:01:10.8007754-06:00" testType="13cdc9d9-ddb5-4fa4-a97d-d965ccfc6d4b" outcome="Passed" testListId="8c84fa94-04c1-424b-9868-57a2d4851a1d" relativeResultsDirectory="259805eb-2634-4e31-84c1-1da925a31969">
    </UnitTestResult>
    <UnitTestResult executionId="043bc335-27ba-4c6e-903f-9bfb05626726" testId="b37c6f90-73e0-a58e-ad23-74bb035e2369" testName="TestSentence" computerName="MISLPT040" duration="00:00:00.0003110" startTime="2015-01-28T16:01:10.8007754-06:00" endTime="2015-01-28T16:01:10.8007754-06:00" testType="13cdc9d9-ddb5-4fa4-a97d-d965ccfc6d4b" outcome="Passed" testListId="8c84fa94-04c1-424b-9868-57a2d4851a1d" relativeResultsDirectory="043bc335-27ba-4c6e-903f-9bfb05626726">
    </UnitTestResult>
    <UnitTestResult executionId="458e589d-1d0c-4b6c-ad1e-010c15af5b83" testId="f7e607e5-4d57-3211-5316-84d754e52bb9" testName="TestSentenceNonCaseSensitive" computerName="MISLPT040" duration="00:00:00.0004636" startTime="2015-01-28T16:01:10.8107754-06:00" endTime="2015-01-28T16:01:10.8107754-06:00" testType="13cdc9d9-ddb5-4fa4-a97d-d965ccfc6d4b" outcome="Passed" testListId="8c84fa94-04c1-424b-9868-57a2d4851a1d" relativeResultsDirectory="458e589d-1d0c-4b6c-ad1e-010c15af5b83">
    </UnitTestResult>
  </Results>
</TestRun>